2026-06-22 11:15:54.305 Uvicorn server started on 0.0.0.0:8501
2026-06-22 11:19:24.895 Uncaught app execution
Traceback (most recent call last):
  File "C:\Users\samha\Documents\PyNRPF\.venv_oracle\Lib\site-packages\streamlit\runtime\scriptrunner\exec_code.py", line 129, in exec_func_with_error_handling
    result = func()
             ^^^^^^
  File "C:\Users\samha\Documents\PyNRPF\.venv_oracle\Lib\site-packages\streamlit\runtime\scriptrunner\script_runner.py", line 789, in code_to_exec
    exec(code, module.__dict__)  # noqa: S102
    ^^^^^^^^^^^^^^^^^^^^^^^^^^^
  File "C:\Users\samha\Documents\PyNRPF\publication\2_journal_article\dataset\oracle_data_creation\review_app.py", line 592, in <module>
    main()
  File "C:\Users\samha\Documents\PyNRPF\publication\2_journal_article\dataset\oracle_data_creation\review_app.py", line 516, in main
    annotations = load_annotations()
                  ^^^^^^^^^^^^^^^^^^
  File "C:\Users\samha\Documents\PyNRPF\publication\2_journal_article\dataset\oracle_data_creation\review_app.py", line 60, in load_annotations
    return core.read_annotations(core.default_annotation_path())
           ^^^^^^^^^^^^^^^^^^^^^^^^^^^^^^^^^^^^^^^^^^^^^^^^^^^^^
  File "C:\Users\samha\Documents\PyNRPF\publication\2_journal_article\dataset\oracle_data_creation\oracle_review_core.py", line 218, in read_annotations
    return read_annotations_from_dataframe(df)
           ^^^^^^^^^^^^^^^^^^^^^^^^^^^^^^^^^^^
  File "C:\Users\samha\Documents\PyNRPF\publication\2_journal_article\dataset\oracle_data_creation\oracle_review_core.py", line 283, in read_annotations_from_dataframe
    raise ValueError(
ValueError: Expected annotation columns ['substation_id', 'date', 'review_action', 'rpf_start_time', 'rpf_end_time'] or legacy columns ['substation_id', 'date', 'rpf_present', 'rpf_start_time', 'rpf_end_time'], found ['Unnamed: 0', 'Unnamed: 1', 'Unnamed: 2', 'Unnamed: 3'].
